    Checking memchr v2.8.0
    Checking cfg-if v1.0.4
    Checking regex-syntax v0.8.10
    Checking tinyvec_macros v0.1.1
    Checking itoa v1.0.18
    Checking bit-vec v0.6.3
    Checking once_cell v1.21.4
    Checking pin-project-lite v0.2.17
    Checking lazy_static v1.5.0
    Checking libc v0.2.183
    Checking typenum v1.19.0
    Checking serde_core v1.0.228
    Checking zmij v1.0.21
    Checking anyhow v1.0.102
    Checking foldhash v0.2.0
    Checking base64 v0.22.1
    Checking bytes v1.11.1
    Checking bitflags v2.11.0
    Checking rustc-hash v1.1.0
    Checking tinyvec v1.11.0
    Checking libsqlite3-sys v0.38.2
    Checking linux-raw-sys v0.12.1
    Checking fallible-streaming-iterator v0.1.9
    Checking smallvec v1.15.1
    Checking fallible-iterator v0.3.0
    Checking hashbrown v0.17.1
    Checking tracing-core v0.1.36
    Checking fastrand v2.3.0
    Checking bit-set v0.5.3
    Checking aho-corasick v1.1.4
    Checking unicode-normalization v0.1.25
    Checking rustix v1.1.4
    Checking tracing v0.1.44
    Checking generic-array v0.14.7
    Checking hashlink v0.12.1
    Checking cpufeatures v0.2.17
    Checking socket2 v0.6.3
    Checking mio v1.2.0
    Checking getrandom v0.4.2
    Checking rusqlite v0.40.2
    Checking block-buffer v0.10.4
    Checking crypto-common v0.1.7
    Checking tokio v1.50.0
    Checking digest v0.10.7
    Checking sha2 v0.10.9
    Checking regex-automata v0.4.14
    Checking tempfile v3.27.0
    Checking serde v1.0.228
    Checking serde_json v1.0.149
    Checking kmp-plugin-api v0.18.3 (/home/gx10a/Documents/ai/kmp-perf-772/crates/kmp-plugin-api)
    Checking kmp-domain v0.18.3 (/home/gx10a/Documents/ai/kmp-perf-772/crates/kmp-domain)
    Checking bstr v1.12.1
    Checking fancy-regex v0.13.0
    Checking regex v1.12.3
    Checking tiktoken-rs v0.9.1
    Checking kmp-application v0.18.3 (/home/gx10a/Documents/ai/kmp-perf-772/crates/kmp-application)
    Checking kmp-ports v0.18.3 (/home/gx10a/Documents/ai/kmp-perf-772/crates/kmp-ports)
    Checking kmp-observability v0.18.3 (/home/gx10a/Documents/ai/kmp-perf-772/crates/kmp-observability)
    Checking kmp-adapter-embedded v0.18.3 (/home/gx10a/Documents/ai/kmp-perf-772/crates/kmp-adapter-embedded)
    Finished `dev` profile [unoptimized + debuginfo] target(s) in 3.72s
