dbus-daemon[2916563]: [session uid=1000 pid=2916563] Activating service name='org.freedesktop.portal.Desktop' requested by ':1.2' (uid=1000 pid=2916571 comm="/usr/libexec/gnome-terminal-server --app-id com.ca" label="unconfined")
dbus-daemon[2916563]: [session uid=1000 pid=2916563] Activating service name='org.freedesktop.portal.Documents' requested by ':1.3' (uid=1000 pid=2916576 comm="/usr/libexec/xdg-desktop-portal" label="unconfined")
dbus-daemon[2916563]: [session uid=1000 pid=2916563] Activating service name='org.freedesktop.impl.portal.PermissionStore' requested by ':1.4' (uid=1000 pid=2916582 comm="/usr/libexec/xdg-document-portal" label="unconfined")
dbus-daemon[2916563]: [session uid=1000 pid=2916563] Successfully activated service 'org.freedesktop.impl.portal.PermissionStore'
dbus-daemon[2916563]: [session uid=1000 pid=2916563] Successfully activated service 'org.freedesktop.portal.Documents'
fusermount3: failed to access mountpoint /run/user/1000/doc: Permission denied
error: fuse init failed: Can't mount path /run/user/1000/doc
dbus-daemon[2916563]: [session uid=1000 pid=2916563] Activating service name='org.freedesktop.impl.portal.desktop.gnome' requested by ':1.3' (uid=1000 pid=2916576 comm="/usr/libexec/xdg-desktop-portal" label="unconfined")
libEGL warning: DRI3 error: Could not get DRI3 device
libEGL warning: Ensure your X server supports DRI3 to get accelerated rendering

(xdg-desktop-portal-gnome:2916598): Adwaita-WARNING **: 05:08:35.422: No known Yaru accent 'nvidia'

(xdg-desktop-portal-gnome:2916598): Adwaita-WARNING **: 05:08:35.435: No known Yaru accent 'nvidia'
dbus-daemon[2916563]: [session uid=1000 pid=2916563] Successfully activated service 'org.freedesktop.impl.portal.desktop.gnome'
dbus-daemon[2916563]: [session uid=1000 pid=2916563] Activating service name='org.freedesktop.impl.portal.desktop.gtk' requested by ':1.3' (uid=1000 pid=2916576 comm="/usr/libexec/xdg-desktop-portal" label="unconfined")
dbus-daemon[2916563]: [session uid=1000 pid=2916563] Successfully activated service 'org.freedesktop.impl.portal.desktop.gtk'
dbus-daemon[2916563]: [session uid=1000 pid=2916563] Activating service name='org.freedesktop.secrets' requested by ':1.3' (uid=1000 pid=2916576 comm="/usr/libexec/xdg-desktop-portal" label="unconfined")
discover_other_daemon: 1
(/usr/libexec/xdg-desktop-portal:2916576): xdg-desktop-portal-WARNING **: 05:09:00.543: Failed to create secret proxy: Error calling StartServiceByName for org.freedesktop.secrets: Timeout was reached

(/usr/libexec/xdg-desktop-portal:2916576): xdg-desktop-portal-WARNING **: 05:09:00.543: No skeleton to export
dbus-daemon[2916563]: [session uid=1000 pid=2916563] Successfully activated service 'org.freedesktop.portal.Desktop'
